//-------------------------- 3/9/2026 -- 16:01:50 -----
Processor Init:
   AMD (unknown), ~2.50 Ghz
     (timed at roughly 2.49 Ghz)
   FPU detected
   MMX detected
   SSE detected
 
Math Init:
   Installing Standard C extensions
   Installing Assembly extensions
   Installing FPU extensions
   Installing MMX extensions
   Installing SSE extensions
 
Input Init:
   DirectInput enabled.

Initializing chunk mappings...
   o 'TEXT' maps to TextChunk
   o 'SCHK' maps to UnknownChunk
   o 'SCHK' maps to SimChunk
Loading compiled script D:/funcode/Games/gold/Bin/common/main.cs.
Loading compiled script D:/funcode/Games/gold/Bin/game/main.cs.
 % - Initializing Common
Loading compiled script D:/funcode/Games/gold/Bin/common/preferences/defaultPrefs.cs.
Reading Display Device information...
   Primary Display Device Found:
      Vendor Id: VEN_0000
      Device Id: DEV_0000

Using OpenGL rendering. Fullscreen: 0

Loading compiled script D:/funcode/Games/gold/Bin/common/gameScripts/xml.cs.
Loading compiled script D:/funcode/Games/gold/Bin/common/gameScripts/properties.cs.
Loading compiled script D:/funcode/Games/gold/Bin/common/gameScripts/common.cs.
Loading compiled script D:/funcode/Games/gold/Bin/common/gameScripts/audio.cs.
Loading compiled script D:/funcode/Games/gold/Bin/common/gameScripts/canvas.cs.
Loading compiled script D:/funcode/Games/gold/Bin/common/gameScripts/cursor.cs.
Video Init:
   Accelerated OpenGL display device detected.
   Accelerated D3D device not detected.
   Voodoo 2 display device not detected.

Activating the OpenGL display device...
Activating the OpenGL display device...
Setting screen mode to 320x320x32 (w)...
Creating a new window...
Acquiring a new device context...
Pixel format set:
  32 color bits, 24 depth bits, 8 stencil bits
Creating a new rendering context...
Making the new rendering context current...
OpenGL driver information:
  Vendor: NVIDIA Corporation
  Renderer: NVIDIA GeForce RTX 4060 Laptop GPU/PCIe/SSE2
  Version: 4.6.0 NVIDIA 572.83
OpenGL Init: Enabled Extensions
  ARB_multitexture (Max Texture Units: 4)
  EXT_blend_color
  EXT_blend_minmax
  EXT_compiled_vertex_array
  NV_vertex_array_range
  EXT_texture_env_combine
  EXT_packed_pixels
  EXT_fog_coord
  ARB_texture_compression
  EXT_texture_compression_s3tc
  (ARB|EXT)_texture_env_add
  EXT_texture_filter_anisotropic (Max anisotropy: 16)
  WGL_EXT_swap_control
OpenGL Init: Disabled Extensions
  EXT_paletted_texture
  3DFX_texture_compression_FXT1

Max Texture Size reported as: 32768
Setting screen mode to 800x600x32 (w)...
OpenAL Driver Init:
   Vendor: Creative Labs Inc.
   Version: OpenAL 1.0
   Renderer: Software
   Extensions: EAX 2.0, EAX 3.0, EAX Unified, and EAX-AC3

Loading compiled script D:/funcode/Games/gold/Bin/common/gui/profiles.cs.
Loading compiled script D:/funcode/Games/gold/Bin/common/gui/cursors.cs.
Loading compiled script D:/funcode/Games/gold/Bin/common/gui/messageBoxOk.gui.
Loading compiled script D:/funcode/Games/gold/Bin/common/gui/messageBoxYesNo.gui.
Loading compiled script D:/funcode/Games/gold/Bin/common/gui/messageBoxYesNoCancel.gui.
Loading compiled script D:/funcode/Games/gold/Bin/common/gui/messageBoxOKCancel.gui.
Loading compiled script D:/funcode/Games/gold/Bin/common/gui/messageBoxOKCancelDetailsDlg.gui.
Loading compiled script D:/funcode/Games/gold/Bin/common/gui/messagePopup.gui.
Loading compiled script D:/funcode/Games/gold/Bin/common/gui/options.gui.
Loading compiled script D:/funcode/Games/gold/Bin/common/gui/remap.gui.
Loading compiled script D:/funcode/Games/gold/Bin/common/gui/console.gui.
Loading compiled script D:/funcode/Games/gold/Bin/common/gui/NetworkMenu.gui.
Loading compiled script D:/funcode/Games/gold/Bin/common/gui/startServer.gui.
Loading compiled script D:/funcode/Games/gold/Bin/common/gui/joinServer.gui.
Loading compiled script D:/funcode/Games/gold/Bin/common/gui/waitingForServer.gui.
Loading compiled script D:/funcode/Games/gold/Bin/common/gui/helpDlg.gui.
Loading compiled script D:/funcode/Games/gold/Bin/common/gui/messageBox.cs.
Loading compiled script D:/funcode/Games/gold/Bin/common/gui/help.cs.
Loading compiled script D:/funcode/Games/gold/Bin/common/gui/chatGui.gui.
Loading compiled script D:/funcode/Games/gold/Bin/common/gameScripts/screenshot.cs.
Loading compiled script D:/funcode/Games/gold/Bin/common/gameScripts/metrics.cs.
Loading compiled script D:/funcode/Games/gold/Bin/common/Gui/FrameOverlayGui.gui.
Loading compiled script D:/funcode/Games/gold/Bin/common/gameScripts/scriptDoc.cs.
Loading compiled script D:/funcode/Games/gold/Bin/common/gameScripts/keybindings.cs.
Loading compiled script D:/funcode/Games/gold/Bin/common/gameScripts/options.cs.
Loading compiled script D:/funcode/Games/gold/Bin/common/gameScripts/levelManagement.cs.
Loading compiled script D:/funcode/Games/gold/Bin/common/gameScripts/projectManagement.cs.
Loading compiled script D:/funcode/Games/gold/Bin/common/gameScripts/projectResources.cs.
Loading compiled script D:/funcode/Games/gold/Bin/common/gameScripts/align.cs.

FunCode (v1.7.5) initialized...
Loading compiled script D:/funcode/Games/gold/Bin/game/managed/datablocks.cs.
Loading compiled script D:/funcode/Games/gold/Bin/game/managed/persistent.cs.
Loading compiled script D:/funcode/Games/gold/Bin/game/managed/brushes.cs.
Loading compiled script D:/funcode/Games/gold/Bin/game/gameScripts/datablocks.cs.
Loading compiled script D:/funcode/Games/gold/Bin/game/gameScripts/guiProfiles.cs.
Loading compiled script D:/funcode/Games/gold/Bin/game/gui/mainScreen.gui.
Loading compiled script D:/funcode/Games/gold/Bin/game/gameScripts/game.cs.
Activating DirectInput...
DirectInput joystick failed to enable!
Compiling D:/funcode/Games/gold/Bin/game/data/levels/level.t2d...
Loading compiled script D:/funcode/Games/gold/Bin/game/data/levels/level.t2d.
t2dSceneGraph::addToScene() - Object '1319' is already in a SceneGraph!.
t2dSceneGraph::addToScene() - Object '1320' is already in a SceneGraph!.
t2dSceneGraph::addToScene() - Object '1321' is already in a SceneGraph!.
t2dSceneGraph::addToScene() - Object '1322' is already in a SceneGraph!.
t2dSceneGraph::addToScene() - Object '1323' is already in a SceneGraph!.
t2dSceneGraph::addToScene() - Object '1324' is already in a SceneGraph!.
t2dSceneGraph::addToScene() - Object '1325' is already in a SceneGraph!.
t2dSceneGraph::addToScene() - Object '1326' is already in a SceneGraph!.
t2dSceneGraph::addToScene() - Object '1327' is already in a SceneGraph!.
t2dSceneGraph::addToScene() - Object '1328' is already in a SceneGraph!.
t2dSceneGraph::addToScene() - Object '1329' is already in a SceneGraph!.
t2dSceneGraph::addToScene() - Object '1330' is already in a SceneGraph!.
t2dSceneGraph::addToScene() - Object '1331' is already in a SceneGraph!.
t2dSceneGraph::addToScene() - Object '1332' is already in a SceneGraph!.
t2dSceneGraph::addToScene() - Object '1333' is already in a SceneGraph!.
t2dSceneGraph::addToScene() - Object '1334' is already in a SceneGraph!.
t2dSceneGraph::addToScene() - Object '1335' is already in a SceneGraph!.
t2dSceneGraph::addToScene() - Object '1336' is already in a SceneGraph!.
t2dSceneGraph::addToScene() - Object '1337' is already in a SceneGraph!.
t2dSceneGraph::addToScene() - Object '1338' is already in a SceneGraph!.
DirectInput deactivated.
Activating DirectInput...
DirectInput deactivated.
Shutting down the OpenGL display device...
Making the GL rendering context not current...
Deleting the GL rendering context...
Releasing the device context...
