cl : 命令行  warning D9035: “Gm”选项已否决，并将在将来的版本中移除
  LessonX.cpp
D:\funcode\Games\seafish2\SourceCode\Src\LessonX.cpp(90,20): warning C4018: “<”: 有符号/无符号不匹配
D:\funcode\Games\seafish2\SourceCode\Src\LessonX.cpp(108,69): warning C4244: “参数”: 从“float”转换到“const int”，可能丢失数据
D:\funcode\Games\seafish2\SourceCode\Src\LessonX.cpp(108,46): warning C4244: “参数”: 从“float”转换到“const int”，可能丢失数据
D:\funcode\Games\seafish2\SourceCode\Src\LessonX.cpp(108,31): warning C4244: “=”: 从“int”转换到“float”，可能丢失数据
D:\funcode\Games\seafish2\SourceCode\Src\LessonX.cpp(109,69): warning C4244: “参数”: 从“float”转换到“const int”，可能丢失数据
D:\funcode\Games\seafish2\SourceCode\Src\LessonX.cpp(109,45): warning C4244: “参数”: 从“float”转换到“const int”，可能丢失数据
D:\funcode\Games\seafish2\SourceCode\Src\LessonX.cpp(109,31): warning C4244: “=”: 从“int”转换到“float”，可能丢失数据
D:\funcode\Games\seafish2\SourceCode\Src\LessonX.cpp(112,33): warning C4244: “=”: 从“int”转换到“float”，可能丢失数据
D:\funcode\Games\seafish2\SourceCode\Src\LessonX.cpp(159,14): warning C4244: “=”: 从“int”转换到“float”，可能丢失数据
D:\funcode\Games\seafish2\SourceCode\Src\LessonX.cpp(164,34): warning C4244: “=”: 从“int”转换到“float”，可能丢失数据
D:\funcode\Games\seafish2\SourceCode\Src\LessonX.cpp(169,20): warning C4244: “参数”: 从“float”转换到“const int”，可能丢失数据
D:\funcode\Games\seafish2\SourceCode\Src\LessonX.cpp(168,99): warning C4244: “参数”: 从“float”转换到“const int”，可能丢失数据
D:\funcode\Games\seafish2\SourceCode\Src\LessonX.cpp(168,85): warning C4244: “=”: 从“int”转换到“float”，可能丢失数据
  正在生成代码...
D:\funcode\Games\seafish2\SourceCode\Src\LessonX.cpp(94,1): warning C4715: “CGameMain::FindSpriteByName”: 不是所有的控件路径都返回值
  正在跳过...(未检测到相关更改)
  Main.cpp
LessonX.obj : warning LNK4075: 忽略“/EDITANDCONTINUE”(由于“/INCREMENTAL:NO”规范)
LINK : warning LNK4098: 默认库“LIBCMT”与其他库的使用冲突；请使用 /NODEFAULTLIB:library
CommonClass_2010.Lib(CommonClass.obj) : warning LNK4099: 未找到 PDB“”(使用“CommonClass_2010.Lib(CommonClass.obj)”或在“”中寻找)；正在链接对象，如同没有调试信息一样
  VCProject2010.vcxproj -> D:\funcode\Games\seafish2\Bin\Game.exe
